../Core/Src/main.c:76:6:HAL_FDCAN_RxFifo0Callback	120	static
../Core/Src/main.c:99:5:main	48	static
../Core/Src/main.c:192:6:SystemClock_Config	120	static
../Core/Src/main.c:263:13:MX_FDCAN1_Init	48	static
../Core/Src/main.c:331:13:MX_I2C4_Init	8	static
../Core/Src/main.c:379:13:MX_LTDC_Init	112	static
../Core/Src/main.c:461:13:MX_OCTOSPI1_Init	32	static
../Core/Src/main.c:513:13:MX_RTC_Init	8	static
../Core/Src/main.c:549:13:MX_GPIO_Init	72	static
../Core/Src/main.c:806:6:HAL_TIM_PeriodElapsedCallback	16	static
../Core/Src/main.c:823:6:Error_Handler	4	static,ignoring_inline_asm
